mode: set
github.com/kenji/til/artisdocument/go/test/before/main.go:5.36,8.2 2 1
github.com/kenji/til/artisdocument/go/test/before/main.go:10.14,13.2 2 0
