mode: set
github.com/kenji/til/artisdocument/go/test/testB/main.go:7.33,20.9 1 1
github.com/kenji/til/artisdocument/go/test/testB/main.go:21.15,22.30 1 0
github.com/kenji/til/artisdocument/go/test/testB/main.go:23.30,24.33 1 1
github.com/kenji/til/artisdocument/go/test/testB/main.go:25.27,26.31 1 0
github.com/kenji/til/artisdocument/go/test/testB/main.go:27.25,28.30 1 1
github.com/kenji/til/artisdocument/go/test/testB/main.go:29.10,30.30 1 1
github.com/kenji/til/artisdocument/go/test/testB/main.go:34.13,38.25 3 0
github.com/kenji/til/artisdocument/go/test/testB/main.go:43.2,43.27 1 0
github.com/kenji/til/artisdocument/go/test/testB/main.go:38.25,42.3 3 0
github.com/kenji/til/artisdocument/go/test/testB/main.go:43.27,45.3 1 0
